======================================================================
Testing State Representation and GNN Integration
======================================================================

[INFO] Timing report: ../runs/RUN_2026-03-01_15-10-18/74-dqn-resizer-test/reports/nom_ss_100C_1v60/max.rpt

----------------------------------------------------------------------
Test 1: Parsing Timing Report
----------------------------------------------------------------------
✓ Timing parser loaded
  Paths parsed: 1000
  WNS: -3.926 ns
  TNS: -73.096 ns
  Violations: 52

----------------------------------------------------------------------
Test 2: Flat State Representation (MLP)
----------------------------------------------------------------------
✓ Flat state extracted
  State shape: (65,)
  State dtype: float32
  First 10 values: [-0.245375 -0.73096   0.52      1.        0.        0.25      0.5
  0.25      0.        0.      ]
  Value range: [-0.731, 1.000]

----------------------------------------------------------------------
Test 3: Graph State Representation (GNN)
----------------------------------------------------------------------
✓ Graph state extracted
  Nodes (cells): 81
  Edges (arcs): 85
  Node feature dim: 9
  Edge feature dim: 3

  Sample nodes:
    Node 0: clkbuf_0_clk
    Node 1: clkbuf_2_0_0_clk
    Node 2: clkbuf_4_1__f_clk

----------------------------------------------------------------------
Test 4: PyTorch Geometric Conversion
----------------------------------------------------------------------
⚠ PyTorch Geometric not installed: PyTorch Geometric not installed. Install with: pip install torch-geometric
  Install with: pip install torch-geometric

----------------------------------------------------------------------
Test 5: GNN Model Forward Pass
----------------------------------------------------------------------
[WARNING] PyTorch Geometric not installed.
          Install with: pip install torch-geometric
✗ GNN test failed: name 'Data' is not defined

----------------------------------------------------------------------
Test 6: Action Space Integration
----------------------------------------------------------------------
✓ Action space created
  Action space size: 30
  Actionable cells found: 10

  Top 5 critical cells:
    1. genblk1.pcpi_mul.rd[28]_sky130_fd_sc_hd__dfxtp_2_Q_D_sky130_fd_sc_hd__xor2_2_X_A_sky130_fd_sc_hd__nand2b_2_Y_B_sky130_fd_sc_hd__a211o_2_X_A2_sky130_fd_sc_hd__o21ai_2_Y_B1_sky130_fd_sc_hd__or3_2_A: sky130_fd_sc_hd__or3_2 (drive=2, fanout=5)
    2. genblk1.pcpi_mul.rd[29]_sky130_fd_sc_hd__dfxtp_2_Q_D_sky130_fd_sc_hd__xnor2_2_Y_A_sky130_fd_sc_hd__nand2_2_Y_A_sky130_fd_sc_hd__a211o_2_X_A1_sky130_fd_sc_hd__o211ai_2_Y_A2_sky130_fd_sc_hd__nor3_2_Y_C_sky130_fd_sc_hd__o211a_2_X_A2_sky130_fd_sc_hd__o22a_2_X_B2_sky130_fd_sc_hd__a211oi_2_Y_A2_sky130_fd_sc_hd__a2bb2o_2_X_A2_N_sky130_fd_sc_hd__or4bb_2_B: sky130_fd_sc_hd__or4bb_2 (drive=2, fanout=4)
    3. genblk1.pcpi_mul.rd[60]_sky130_fd_sc_hd__dfxtp_2_Q_D_sky130_fd_sc_hd__nor2_2_Y_A_sky130_fd_sc_hd__o311a_2_X: sky130_fd_sc_hd__o311a_1 (drive=1, fanout=3)
    4. genblk1.pcpi_mul.rd[29]_sky130_fd_sc_hd__dfxtp_2_Q_D_sky130_fd_sc_hd__xnor2_2_Y_A_sky130_fd_sc_hd__nand2_2_Y_A_sky130_fd_sc_hd__a211o_2_X_A1_sky130_fd_sc_hd__o211ai_2_Y_B1_sky130_fd_sc_hd__or3_2_X: sky130_fd_sc_hd__or3_2 (drive=2, fanout=3)
    5. genblk1.pcpi_mul.rd[32]_sky130_fd_sc_hd__dfxtp_2_Q_D_sky130_fd_sc_hd__xnor2_2_Y_B_sky130_fd_sc_hd__a221o_2_B2: sky130_fd_sc_hd__a221o_2 (drive=2, fanout=2)

  Test action 5 decodes to:
    genblk1.pcpi_mul.rd[29]_sky130_fd_sc_hd__dfxtp_2_Q_D_sky130_fd_sc_hd__xnor2_2_Y_A_sky130_fd_sc_hd__nand2_2_Y_A_sky130_fd_sc_hd__a211o_2_X_A1_sky130_fd_sc_hd__o211ai_2_Y_A2_sky130_fd_sc_hd__nor3_2_Y_C_sky130_fd_sc_hd__o211a_2_X_A2_sky130_fd_sc_hd__o22a_2_X_B2_sky130_fd_sc_hd__a211oi_2_Y_A2_sky130_fd_sc_hd__a2bb2o_2_X_A2_N_sky130_fd_sc_hd__or4bb_2_B: UPSIZE
✓ Action space integration successful!

----------------------------------------------------------------------
Test 7: Graph Visualization (Optional)
----------------------------------------------------------------------
Matplotlib not installed, skipping visualization
⚠ Visualization file not created

======================================================================
Test Summary
======================================================================

✓ All core components working!

Next Steps:
1. Train GNN model on multiple designs (create train_gnn_dqn.py)
2. Save trained model weights
3. Integrate with dqn_agent.py for OpenLane
4. Run full optimization in OpenLane flow

Files created:
  - state_representation.py   (State extraction)
  - gnn_dqn.py               (GNN model)
  - discrete_action_space.py  (Action space)
  - timing_parser.py         (Report parser)

Ready to use in OpenLane2!

======================================================================
Test Complete!
======================================================================

